// Jest Snapshot v1, https://goo.gl/fbAQLP

exports[`ModalFooter should match snapshot 1`] = `
<div>
  <div
    class="mm-box mm-modal-footer mm-box--padding-top-2 mm-box--padding-right-4 mm-box--padding-bottom-4 mm-box--padding-left-4 mm-box--display-flex mm-box--gap-4"
  />
</div>
`;
